components/MapViewer.tsx(4,78): error TS2307: Cannot find module 'react-map-gl' or its corresponding type declarations.
components/SimulationPanel.tsx(338,32): error TS2345: Argument of type '(prev: any, curr: any) => any[]' is not assignable to parameter of type '(previousValue: Element, currentValue: Element, currentIndex: number, array: Element[]) => Element'.
  Type 'any[]' is missing the following properties from type 'ReactElement<any, any>': type, props, key
